    Finished `test` profile [unoptimized] target(s) in 0.10s
     Running unittests src/main.rs (target/tool-result-contract/debug/deps/pty-e415e5ac24759752)

running 23 tests
test grid::tests::resize_rewraps_and_keeps_cursor_line ... ok
test grid::tests::cursor_queries_return_terminal_replies_without_a_ui ... ok
test grid::tests::alternate_screen_leaves_primary_and_scrollback ... ok
test identity::tests::configured_and_observed_identity_remain_distinct ... ok
test grid::tests::frame_reports_damage_since_version ... ok
test context::tests::held_locks_fail_without_waiting_or_locking_unrelated_state ... ok
test input::tests::enter_uses_lf_under_line_feed_newline_mode ... ok
test context::tests::strict_request_and_entropy_failure_are_local ... ok
test input::tests::focus_is_reported_only_under_focus_mode ... ok
test grid::tests::rows_survive_a_full_scrollback ... ok
test grid::tests::scroll_saturates_at_the_grid ... ok
test identity::tests::restarted_shell_hooks_survive_prior_shell_cleanup ... ok
test input::tests::kitty_event_types_append_the_action ... ok
test input::tests::paste_is_wrapped_only_when_bracketed ... ok
test input::tests::modified_arrow_uses_the_parameter_form ... ok
test input::tests::sgr_mouse_reports_cells_after_enabling_and_nothing_before ... ok
test input::tests::up_arrow_respects_application_cursor_keys ... ok
test marks::tests::plain_strips_csi_osc_and_carriage_returns ... ok
test marks::tests::marks_delimit_commands_output_exit_and_cwd ... ok
test identity::tests::invalid_or_oversized_metadata_cannot_expand_identity ... ok
test grid::tests::rows_survive_scrolling ... ok
test marks::tests::running_command_exposes_partial_output_and_bounded_tail ... ok
test context::tests::projection_excludes_payload_preserves_damage_and_tracks_only_metadata ... ok

test result: ok. 23 passed; 0 failed; 0 ignored; 0 measured; 0 filtered out; finished in 0.01s

     Running .cartridge/tests/integration/process.rs (target/tool-result-contract/debug/deps/process-ad00d12f2621f551)

running 11 tests
test bash_reports_marks_through_the_rcfile_shim ... ok
test handoff_blocks_agent_input_and_takeback_interrupts_without_closing_shell ... FAILED
test shell_serializes_input_and_only_cancels_the_matching_invocation ... ok
test zsh_reports_marks_through_the_zdotdir_shim ... ok
test identity_and_shell_survive_real_ui_replacement_and_rollback ... ok
test resize_moves_the_emulator_and_the_shell_together ... ok
test nu_reports_marks_through_the_spawn_hook ... ok
test context_metadata_is_bounded_readonly_and_tracks_restart ... ok
test terminal_tool_runs_in_the_users_shell_and_commands_report_it ... ok
test identity_is_explicit_for_real_shells_and_unknown_fallback ... ok
test shell_controls_nvim_and_reads_the_visible_screen ... ok

failures:

---- handoff_blocks_agent_input_and_takeback_interrupts_without_closing_shell stdout ----

thread 'handoff_blocks_agent_input_and_takeback_interrupts_without_closing_shell' (47909279) panicked at /Users/feb/dev/cartridge/pty.ctg/.cartridge/tests/integration/process.rs:535:5:
assertion `left == right` failed
  left: Null
 right: Object {"call": String("command"), "cwd": String("/"), "run": String("voice-run"), "session": String("shared")}
note: run with `RUST_BACKTRACE=1` environment variable to display a backtrace


failures:
    handoff_blocks_agent_input_and_takeback_interrupts_without_closing_shell

test result: FAILED. 10 passed; 1 failed; 0 ignored; 0 measured; 0 filtered out; finished in 1.74s

error: test failed, to rerun pass `-p pty --test process`
error: recipe `_cargo` failed with exit code 101
error: recipe `test` failed on line 12 with exit code 101
error: recipe `test` failed on line 16 with exit code 101
