just test harness: failed
22 |   if (proof) {
23 |     receipt.results.push({ command: args, cwd, started, completed: new Date().toISOString(), stdout: out.stdout.toString(), stderr: out.stderr.toString(), exit: out.exitCode });
24 |     save();
25 |     console.log(`${args.join(" ")}: ${out.exitCode === 0 ? "passed" : "failed"}`);
26 |   }
27 |   if (out.exitCode !== 0) throw Error(`${args.join(" ")} failed (${out.exitCode})\n${out.stdout}\n${out.stderr}`);
                                     ^
error: just test harness failed (101)

running 38 tests
test prompt::tests::replaces_only_exact_known_placeholders_without_recursion ... ok
test roster::tests::host_binding_rejects_bad_caps_and_never_accepts_request_credentials ... ok
test compaction::tests::malformed_legacy_evidence_survives_regeneration_and_unknown_versions_fail ... ok
test compaction::tests::prefix_and_original_tail_are_verified_independently ... ok
test compaction::tests::legacy_upgrade_retains_summary_and_labels_missing_evidence ... ok
test inspection::accounting::tests::multilingual_schemas_and_tool_exchanges_keep_byte_enforcement ... ok
test inspection::accounting::tests::historical_usage_keeps_run_and_turn_identity_without_replacing_estimate ... ok
test tests::anchor_names_session_foreground_and_files_without_the_user_naming_them ... ok
test tests::context_and_compaction_use_the_supplied_memo_template ... ok
test roster::tests::final_render_is_escaped_after_template_and_accounts_whole_row_omissions ... ok
test tests::descriptors_become_function_tools_and_bad_ones_fail ... ok
test tests::framing_delimiters_are_escaped_and_multibyte_stays_valid ... ok
test roster::tests::source_adapter_checks_identity_digest_revisions_bounds_and_private_inbox_fields ... ok
test tests::ancestor_tree_orders_instructions_and_leaves_legacy_memos_alone ... ok
test tests::canonical_deduplication_keeps_each_source_once ... ok
test tests::compacted_projection_fits_budget ... ok
test tests::malformed_configuration_is_rejected ... ok
test tests::journal_projects_ordered_messages_without_lifecycle_records ... ok
test tests::markdown_system_resolves_session_values_and_optional_context_once ... ok
test tests::malformed_records_and_unresolved_groups_are_refused ... ok
test tests::compacted_projection_inserts_summary_and_keeps_tail ... ok
test tests::native_date_covers_the_utc_day_boundary_and_stays_fresh ... ok
test tests::prefix_hash_is_stable_and_distinguishes_prefixes ... ok
test tests::telemetry_renders_from_the_journal_and_the_block_is_posted_to_build_system ... ok
test tests::terminal_renders_recent_commands_or_nothing ... ok
test tests::tail_start_keeps_complete_turns_and_never_splits_tool_groups ... ok
test inspection::tests::compaction_can_shrink_retained_turns_without_cutting_current_input ... ok
test tests::missing_optional_files_are_skipped_and_bad_files_error ... ok
test working::tests::message_and_byte_limits_trigger_with_provider_headroom ... ok
test working::tests::multi_call_groups_are_indivisible_and_open_groups_are_rejected ... ok
test tests::total_instruction_budget_is_enforced ... ok
test tests::oversized_context_returns_context_over_budget_without_changing_transcript ... ok
test working::tests::compacts_inside_a_tool_loop_and_pins_current_request ... ok
test tests::environment_renders_as_one_block_or_empty ... ok
test working::tests::saved_memory_is_validated_and_refreshes_after_new_messages ... ok
test inspection::tests::oversized_result_no_longer_blocks_the_next_model_turn ... ok
test inspection::tests::long_open_tool_exchange_keeps_all_ids_and_fits_budget ... ok
test working::tests::old_history_is_folded_in_small_complete_batches ... ok

test result: ok. 38 passed; 0 failed; 0 ignored; 0 measured; 0 filtered out; finished in 0.12s


running 4 tests
test harness_process_fails_on_router_timeout_without_history_loss ... ok
test harness_process_compacts_oversized_context_over_the_real_rpc_path ... ok
test harness_process_fails_safely_on_huge_turns_and_router_failures ... ok
test harness_process_projects_context_over_the_real_rpc_path ... ok

test result: ok. 4 passed; 0 failed; 0 ignored; 0 measured; 0 filtered out; finished in 0.90s


running 1 test
test the_ring_distills_old_turns_into_memory_and_keeps_the_rest ... ok

test result: ok. 1 passed; 0 failed; 0 ignored; 0 measured; 0 filtered out; finished in 0.09s


running 1 test
test rolling_memory_refreshes_below_budget_and_survives_reload_and_failure ... FAILED

failures:

---- rolling_memory_refreshes_below_budget_and_survives_reload_and_failure stdout ----

thread 'rolling_memory_refreshes_below_budget_and_survives_reload_and_failure' (45571317) panicked at /private/var/folders/_p/tzmzw3m10kg7sg9hc7_mkm7w0000gn/T/cartridge-roster-verification-rdzsB9/harness.ctg/.cartridge/tests/integration/working.rs:101:10:
failed maintenance must not abort a fitting context: "context_over_budget: summary failed: runtime error: [string \"/private/var/folders/_p/tzmzw3m10kg7sg9hc7_mk...\"]:23: summary provider unavailable\nstack traceback:\n\t[C]: in ?\n\t[C]: in function 'error'\n\t[string \"/private/var/folders/_p/tzmzw3m10kg7sg9hc7_mk...\"]:23: in function <[string \"/private/var/folders/_p/tzmzw3m10kg7sg9hc7_mk...\"]:19>"
note: run with `RUST_BACKTRACE=1` environment variable to display a backtrace


failures:
    rolling_memory_refreshes_below_budget_and_survives_reload_and_failure

test result: FAILED. 0 passed; 1 failed; 0 ignored; 0 measured; 0 filtered out; finished in 0.10s


   Compiling landscape v0.1.0 (/private/var/folders/_p/tzmzw3m10kg7sg9hc7_mkm7w0000gn/T/cartridge-roster-verification-rdzsB9/landscape.ctg)
   Compiling cartridge v0.1.0 (/private/var/folders/_p/tzmzw3m10kg7sg9hc7_mkm7w0000gn/T/cartridge-roster-verification-rdzsB9/cartridge.ctg)
   Compiling harness v0.1.0 (/private/var/folders/_p/tzmzw3m10kg7sg9hc7_mkm7w0000gn/T/cartridge-roster-verification-rdzsB9/harness.ctg)
    Finished `test` profile [unoptimized] target(s) in 7.22s
     Running unittests src/main.rs (/Users/feb/dev/cartridge/cartridge.ctg/target/roster-proof/debug/deps/harness-f187ded129fdacbd)
     Running .cartridge/tests/integration/process.rs (/Users/feb/dev/cartridge/cartridge.ctg/target/roster-proof/debug/deps/process-104d122b93a3cbe4)
     Running .cartridge/tests/integration/ring.rs (/Users/feb/dev/cartridge/cartridge.ctg/target/roster-proof/debug/deps/ring-cf444328feadcf67)
     Running .cartridge/tests/integration/working.rs (/Users/feb/dev/cartridge/cartridge.ctg/target/roster-proof/debug/deps/working-51ef12af7b778e8b)
error: test failed, to rerun pass `-p harness --test working`
error: recipe `_cargo` failed with exit code 101
error: recipe `test` failed on line 12 with exit code 101
error: recipe `test` failed on line 16 with exit code 101

      at run (/Users/feb/dev/cartridge/prd.ctg/.cartridge/boards/harness/prds/scoped-roster-context-contributor/verify-isolated.ts:27:33)
      at /Users/feb/dev/cartridge/prd.ctg/.cartridge/boards/harness/prds/scoped-roster-context-contributor/verify-isolated.ts:70:147

Bun v1.3.14 (macOS arm64)
