   Compiling proc-macro2 v1.0.107
   Compiling unicode-ident v1.0.24
   Compiling quote v1.0.47
   Compiling libc v0.2.189
   Compiling autocfg v1.5.1
    Checking cfg-if v1.0.4
    Checking memchr v2.8.3
   Compiling serde_core v1.0.229
   Compiling serde v1.0.229
   Compiling parking_lot_core v0.9.12
    Checking pin-project-lite v0.2.17
    Checking smallvec v1.16.1
   Compiling num-traits v0.2.19
    Checking scopeguard v1.2.0
    Checking once_cell v1.21.4
    Checking regex-syntax v0.8.11
    Checking lock_api v0.4.14
   Compiling shlex v2.0.1
   Compiling find-msvc-tools v0.1.12
    Checking aho-corasick v1.1.5
    Checking bitflags v2.13.2
   Compiling zmij v1.0.23
   Compiling cc v1.4.5
    Checking log v0.4.34
   Compiling version_check v0.9.5
    Checking futures-sink v0.3.34
    Checking futures-core v0.3.34
   Compiling zerocopy v0.8.57
   Compiling getrandom v0.3.4
   Compiling ahash v0.8.12
    Checking regex-automata v0.4.18
   Compiling ref-cast v1.0.27
   Compiling serde_json v1.0.151
   Compiling heck v0.5.0
    Checking typenum v1.20.1
    Checking hybrid-array v0.4.15
   Compiling syn v3.0.5
   Compiling syn v2.0.119
   Compiling serde_derive v1.0.229
    Checking errno v0.3.14
    Checking parking_lot v0.12.5
    Checking signal-hook-registry v1.4.8
    Checking num-integer v0.1.47
    Checking num-complex v0.4.6
   Compiling which v8.0.6
   Compiling futures-macro v0.3.34
    Checking num-bigint v0.4.8
    Checking num-iter v0.1.46
   Compiling luajit-src v210.7.3+1ee778a
   Compiling ref-cast-impl v1.0.27
    Checking mio v1.2.3
    Checking num-rational v0.4.2
    Checking futures-channel v0.3.34
   Compiling lua-src v551.0.2
    Checking utf8parse v0.2.2
    Checking slab v0.4.12
   Compiling pkg-config v0.3.34
   Compiling unicode-segmentation v1.13.3
    Checking futures-io v0.3.34
   Compiling typeid v1.0.3
   Compiling signal-hook v0.3.18
    Checking itoa v1.0.18
    Checking futures-task v0.3.34
   Compiling mlua-sys v0.12.0
    Checking num v0.4.3
   Compiling convert_case v0.10.0
    Checking anstyle-parse v1.0.0
    Checking futures-util v0.3.34
    Checking colorchoice v1.0.5
    Checking is_terminal_polyfill v1.70.2
   Compiling unicode-general-category v1.1.0
   Compiling erased-serde v0.4.10
    Checking borrow-or-share v0.2.4
    Checking foldhash v0.2.0
    Checking bit-vec v0.8.0
    Checking anstyle v1.0.14
   Compiling rustix v1.1.4
    Checking allocator-api2 v0.2.21
    Checking equivalent v1.0.2
    Checking anstyle-query v1.1.5
    Checking bit-set v0.8.0
    Checking hashbrown v0.17.1
    Checking anstream v1.0.0
    Checking fraction v0.17.0
   Compiling derive_more-impl v2.1.1
    Checking ordered-float v2.10.1
   Compiling tracing-attributes v0.1.31
   Compiling strum_macros v0.28.0
   Compiling tokio-macros v2.7.2
    Checking socket2 v0.6.5
    Checking fluent-uri v0.4.1
    Checking block-buffer v0.12.1
    Checking crypto-common v0.2.2
    Checking objc2-core-foundation v0.3.2
    Checking tracing-core v0.1.36
    Checking vsimd v0.8.0
   Compiling notify v9.0.0-rc.5
    Checking lazy_static v1.5.0
    Checking percent-encoding v2.3.2
    Checking same-file v1.0.6
    Checking strsim v0.11.1
    Checking bytecount v0.6.9
   Compiling litrs v1.0.0
    Checking micromap v0.3.0
    Checking outref v0.5.2
    Checking clap_lex v1.1.0
    Checking num-cmp v0.1.0
   Compiling thiserror v2.0.20
    Checking bytes v1.12.1
   Compiling document-features v0.2.12
    Checking referencing v0.56.0
    Checking clap_builder v4.6.6
    Checking jsonschema-value v0.56.0
    Checking uuid-simd v0.8.0
    Checking tokio v1.53.1
    Checking walkdir v2.5.0
    Checking futures-executor v0.3.34
    Checking sharded-slab v0.1.7
    Checking objc2-core-services v0.3.2
    Checking tracing v0.1.44
    Checking digest v0.11.3
    Checking strum v0.28.0
    Checking derive_more v2.1.1
    Checking serde-value v0.7.0
    Checking signal-hook-mio v0.2.5
    Checking fancy-regex v0.19.2
    Checking email_address v0.2.9
   Compiling thiserror-impl v2.0.20
   Compiling clap_derive v4.6.4
    Checking cpufeatures v0.3.1
    Checking matchers v0.2.0
    Checking regex v1.13.1
    Checking bstr v1.13.1
    Checking notify-types v2.1.0
    Checking jsonschema-regex v0.56.0
    Checking thread_local v1.1.10
    Checking rustc-hash v2.1.3
    Checking data-encoding v2.11.1
   Compiling cartridge v0.1.0 (/tmp/scope-owner-baseline-20260919)
    Checking either v1.18.0
    Checking xxhash-rust v0.8.18
    Checking tracing-subscriber v0.3.23
    Checking clap v4.6.6
    Checking sha2 v0.11.0
    Checking jsonschema v0.56.0
    Checking futures v0.3.34
    Checking libloading v0.9.0
    Checking unicode-width v0.2.2
    Checking crossterm v0.29.0
    Checking mlua v0.12.1
    Checking tokio-util v0.7.19
    Finished `dev` profile [unoptimized] target(s) in 15.24s
