   Compiling proc-macro2 v1.0.107
   Compiling quote v1.0.47
   Compiling unicode-ident v1.0.24
   Compiling libc v0.2.189
   Compiling cfg-if v1.0.4
   Compiling memchr v2.8.3
   Compiling autocfg v1.5.1
   Compiling serde_core v1.0.229
   Compiling serde v1.0.229
   Compiling parking_lot_core v0.9.12
   Compiling scopeguard v1.2.0
   Compiling smallvec v1.16.1
   Compiling num-traits v0.2.19
   Compiling pin-project-lite v0.2.17
   Compiling lock_api v0.4.14
   Compiling once_cell v1.21.4
   Compiling shlex v2.0.1
   Compiling find-msvc-tools v0.1.12
   Compiling regex-syntax v0.8.11
   Compiling aho-corasick v1.1.5
   Compiling cc v1.4.5
   Compiling zmij v1.0.23
   Compiling futures-sink v0.3.34
   Compiling getrandom v0.3.4
   Compiling zerocopy v0.8.57
   Compiling futures-core v0.3.34
   Compiling version_check v0.9.5
   Compiling bitflags v2.13.2
   Compiling log v0.4.34
   Compiling syn v3.0.5
   Compiling syn v2.0.119
   Compiling ahash v0.8.12
   Compiling errno v0.3.14
   Compiling which v8.0.6
   Compiling signal-hook-registry v1.4.8
   Compiling regex-automata v0.4.18
   Compiling serde_derive v1.0.229
   Compiling typenum v1.20.1
   Compiling serde_json v1.0.151
   Compiling parking_lot v0.12.5
   Compiling heck v0.5.0
   Compiling ref-cast v1.0.27
   Compiling hybrid-array v0.4.15
   Compiling futures-macro v0.3.34
   Compiling ref-cast-impl v1.0.27
   Compiling luajit-src v210.7.3+1ee778a
   Compiling num-integer v0.1.47
   Compiling num-complex v0.4.6
   Compiling mio v1.2.3
   Compiling futures-channel v0.3.34
   Compiling num-bigint v0.4.8
   Compiling num-iter v0.1.46
   Compiling lua-src v551.0.2
   Compiling futures-task v0.3.34
   Compiling pkg-config v0.3.34
   Compiling utf8parse v0.2.2
   Compiling unicode-segmentation v1.13.3
   Compiling slab v0.4.12
   Compiling typeid v1.0.3
   Compiling itoa v1.0.18
   Compiling signal-hook v0.3.18
   Compiling num-rational v0.4.2
   Compiling futures-io v0.3.34
   Compiling anstyle-parse v1.0.0
   Compiling mlua-sys v0.12.0
   Compiling convert_case v0.10.0
   Compiling futures-util v0.3.34
   Compiling num v0.4.3
   Compiling anstyle-query v1.1.5
   Compiling allocator-api2 v0.2.21
   Compiling equivalent v1.0.2
   Compiling foldhash v0.2.0
   Compiling colorchoice v1.0.5
   Compiling rustix v1.1.4
   Compiling borrow-or-share v0.2.4
   Compiling bit-vec v0.8.0
   Compiling anstyle v1.0.14
   Compiling is_terminal_polyfill v1.70.2
   Compiling unicode-general-category v1.1.0
   Compiling erased-serde v0.4.10
   Compiling bit-set v0.8.0
   Compiling anstream v1.0.0
   Compiling hashbrown v0.17.1
   Compiling fraction v0.17.0
   Compiling derive_more-impl v2.1.1
   Compiling ordered-float v2.10.1
   Compiling block-buffer v0.12.1
   Compiling crypto-common v0.2.2
   Compiling fluent-uri v0.4.1
   Compiling strum_macros v0.28.0
   Compiling tracing-attributes v0.1.31
   Compiling tokio-macros v2.7.2
   Compiling socket2 v0.6.5
   Compiling objc2-core-foundation v0.3.2
   Compiling tracing-core v0.1.36
   Compiling strsim v0.11.1
   Compiling bytecount v0.6.9
   Compiling bytes v1.12.1
   Compiling vsimd v0.8.0
   Compiling same-file v1.0.6
   Compiling clap_lex v1.1.0
   Compiling micromap v0.3.0
   Compiling notify v9.0.0-rc.5
   Compiling num-cmp v0.1.0
   Compiling thiserror v2.0.20
   Compiling litrs v1.0.0
   Compiling outref v0.5.2
   Compiling lazy_static v1.5.0
   Compiling percent-encoding v2.3.2
   Compiling jsonschema-value v0.56.0
   Compiling clap_builder v4.6.6
   Compiling document-features v0.2.12
   Compiling uuid-simd v0.8.0
   Compiling sharded-slab v0.1.7
   Compiling referencing v0.56.0
   Compiling walkdir v2.5.0
   Compiling tokio v1.53.1
   Compiling objc2-core-services v0.3.2
   Compiling tracing v0.1.44
   Compiling strum v0.28.0
   Compiling futures-executor v0.3.34
   Compiling digest v0.11.3
   Compiling serde-value v0.7.0
   Compiling signal-hook-mio v0.2.5
   Compiling derive_more v2.1.1
   Compiling email_address v0.2.9
   Compiling fancy-regex v0.19.2
   Compiling regex v1.13.1
   Compiling matchers v0.2.0
   Compiling clap_derive v4.6.4
   Compiling bstr v1.13.1
   Compiling thiserror-impl v2.0.20
   Compiling cpufeatures v0.3.1
   Compiling notify-types v2.1.0
   Compiling jsonschema-regex v0.56.0
   Compiling thread_local v1.1.10
   Compiling either v1.18.0
   Compiling data-encoding v2.11.1
   Compiling xxhash-rust v0.8.18
   Compiling rustc-hash v2.1.3
   Compiling cartridge v0.1.0 (/tmp/scope-finder-final-20260919)
   Compiling tokio-util v0.7.19
   Compiling jsonschema v0.56.0
   Compiling tracing-subscriber v0.3.23
   Compiling sha2 v0.11.0
   Compiling clap v4.6.6
   Compiling crossterm v0.29.0
   Compiling futures v0.3.34
   Compiling libloading v0.9.0
   Compiling unicode-width v0.2.2
   Compiling mlua v0.12.1
    Finished `dev` profile [unoptimized] target(s) in 19.46s
