   Compiling store_core v2.0.0 (/private/tmp/memory-health-work/memory.ctg/src/store/core)
   Compiling graph v2.0.0 (/private/tmp/memory-health-work/memory.ctg/src/graph)
   Compiling retrieval-piece v2.0.0 (/private/tmp/memory-health-work/memory.ctg/src/retrieval/piece)
   Compiling ingest v2.0.0 (/private/tmp/memory-health-work/memory.ctg/src/ingest)
   Compiling tick v2.0.0 (/private/tmp/memory-health-work/memory.ctg/src/tick)
   Compiling bootstrap v2.0.0 (/private/tmp/memory-health-work/memory.ctg/src/bootstrap)
   Compiling retrieval v2.0.0 (/private/tmp/memory-health-work/memory.ctg/src/retrieval)
   Compiling tick_loop v2.0.0 (/private/tmp/memory-health-work/memory.ctg/src/tick/loop)
   Compiling store v2.0.0 (/private/tmp/memory-health-work/memory.ctg/src/store)
   Compiling health v0.1.0 (/private/tmp/memory-health-work/memory.ctg/src/health)
   Compiling rpc v2.0.0 (/private/tmp/memory-health-work/memory.ctg/src/rpc)
   Compiling commands v2.0.0 (/private/tmp/memory-health-work/memory.ctg/src/commands)
    Finished `test` profile [unoptimized] target(s) in 4.92s
     Running unittests src/lib.rs (/Users/feb/dev/cartridge/memory.ctg/target/prd-writer-boundary/debug/deps/commands-0b246b2b6a4d9b46)

running 5 tests
test commands_health::health_owner_tests::health_owner_success_and_alias_never_load_local ... ok
test commands_health::health_owner_tests::health_owner_regular_file_is_not_a_store_identity ... ok
test commands_health::health_owner_tests::health_owner_absent_calls_local_exactly_once_and_propagates_failure ... ok
test commands_health::health_owner_tests::health_owner_errors_never_load_local ... ok
test commands_health::health_owner_tests::health_owner_deadline_disconnect_and_stale_are_retryable_without_fallback ... ok

test result: ok. 5 passed; 0 failed; 0 ignored; 0 measured; 125 filtered out; finished in 0.04s

     Running ../../.cartridge/tests/unit/src/commands/tests/exit_status.rs (/Users/feb/dev/cartridge/memory.ctg/target/prd-writer-boundary/debug/deps/exit_status-b2a44cc2997c160d)

running 0 tests

test result: ok. 0 passed; 0 failed; 0 ignored; 0 measured; 1 filtered out; finished in 0.00s

