bun test v1.3.14 (0d9b296a)

../sessions.ctg/.cartridge/tests/integration/mapping.test.ts:
(pass) real host configuration survives reconnect and copied call metadata cannot cross scopes [97.88ms]
(pass) missing identity or conversation has one honest connection scope and no reconnect identity [44.79ms]
(pass) concurrent fresh SDK processes cannot publish two mappings against one revision [23.44ms]

../sessions.ctg/.cartridge/tests/integration/retention.test.ts:
(pass) real SDK previews exact bytes/records and preserves protected sessions across apply/restart/resume [84.82ms]
(pass) native late protection and durable client references cannot be bypassed with copied candidates [73.03ms]
(pass) actual harness ring still deletes an unprotected completed turn [1144.94ms]
(pass) actual harness ring preserves a turn becoming active during ingest [1159.54ms]

../sessions.ctg/.cartridge/tests/integration/mailbox.test.ts:
(pass) host credentials and owner lineage reject copied metadata and generic authority rewrites [85.88ms]
(pass) real concurrent sends retain unique sequence and same message ID is idempotent [176.30ms]
(pass) read receipts survive restart without acknowledging undelivered or concurrent posts [297.16ms]

../sessions.ctg/.cartridge/tests/integration/observations.test.ts:
(pass) real runtime evidence is reported by sessions without changing source or transcript [200.01ms]
(pass) historical unknown counts and verdicts use actual observed descriptor revisions [43.93ms]
(pass) disabled and missing evidence stay explicit while actual tool execution still succeeds [62.02ms]

 13 pass
 0 fail
 233 expect() calls
Ran 13 tests across 4 files. [3.51s]
