cargo fmt --all -- --check
cargo clippy --workspace --all-targets -- -D warnings
    Checking store_core v2.0.0 (/private/tmp/memory-health-work/memory.ctg/src/store/core)
    Checking transport v2.0.0 (/private/tmp/memory-health-work/memory.ctg/src/transport)
    Checking cartridge v0.1.0 (/private/tmp/memory-health-work/cartridge.ctg)
    Checking hub v2.0.0 (/private/tmp/memory-health-work/memory.ctg/src/hub)
    Checking graph v2.0.0 (/private/tmp/memory-health-work/memory.ctg/src/graph)
    Checking retrieval-piece v2.0.0 (/private/tmp/memory-health-work/memory.ctg/src/retrieval/piece)
    Checking tick v2.0.0 (/private/tmp/memory-health-work/memory.ctg/src/tick)
    Checking ingest v2.0.0 (/private/tmp/memory-health-work/memory.ctg/src/ingest)
    Checking bootstrap v2.0.0 (/private/tmp/memory-health-work/memory.ctg/src/bootstrap)
    Checking retrieval v2.0.0 (/private/tmp/memory-health-work/memory.ctg/src/retrieval)
    Checking tick_loop v2.0.0 (/private/tmp/memory-health-work/memory.ctg/src/tick/loop)
    Checking store v2.0.0 (/private/tmp/memory-health-work/memory.ctg/src/store)
    Checking memory-bench v2.0.0 (/private/tmp/memory-health-work/memory.ctg/.cartridge/tests/integration/bench)
    Checking health v0.1.0 (/private/tmp/memory-health-work/memory.ctg/src/health)
    Checking rpc v2.0.0 (/private/tmp/memory-health-work/memory.ctg/src/rpc)
    Checking commands v2.0.0 (/private/tmp/memory-health-work/memory.ctg/src/commands)
    Checking memory v2.0.0 (/private/tmp/memory-health-work/memory.ctg)
    Finished `dev` profile [unoptimized] target(s) in 3.92s
