   Compiling store_core v2.0.0 (/private/tmp/memory-owned-integration/memory.ctg/src/store/core)
    Finished `test` profile [unoptimized] target(s) in 2.37s
     Running unittests src/lib.rs (/Users/feb/dev/cartridge/memory.ctg/target/prd-writer-boundary/debug/deps/store_core-f8ab0d41e21a8f11)

running 4 tests
test cold::memory_contract_tests::graph_export_missing_store_does_not_create_files ... ok

thread 'cold::memory_contract_tests::graph_export_full_relationships_keep_group_provenance' (45578141) panicked at src/store/core/src/../../../../.cartridge/tests/unit/src/store/core/src/cold/memory_contract_tests.rs:104:5:
assertion `left == right` failed
  left: Null
 right: "group"
note: run with `RUST_BACKTRACE=1` environment variable to display a backtrace
test cold::memory_contract_tests::graph_export_full_relationships_keep_group_provenance ... FAILED

thread 'cold::memory_contract_tests::graph_export_refuses_malformed_cold_vector_bytes_without_partial_success' (45578144) panicked at src/store/core/src/../../../../.cartridge/tests/unit/src/store/core/src/cold/memory_contract_tests.rs:123:34:
assertion failed: read_graph(path, vectors).is_err()
test cold::memory_contract_tests::graph_export_refuses_malformed_cold_vector_bytes_without_partial_success ... FAILED
test cold::memory_contract_tests::graph_export_reads_hot_and_cold_without_modifying_the_database ... ok

failures:

failures:
    cold::memory_contract_tests::graph_export_full_relationships_keep_group_provenance
    cold::memory_contract_tests::graph_export_refuses_malformed_cold_vector_bytes_without_partial_success

test result: FAILED. 2 passed; 2 failed; 0 ignored; 0 measured; 67 filtered out; finished in 0.06s

error: test failed, to rerun pass `-p store_core --lib`
