   Compiling memory-review-probes v0.0.0 (/var/folders/_p/tzmzw3m10kg7sg9hc7_mkm7w0000gn/T/memory-review-probes-2titn0rp)
warning: function `observation` is never used
 --> /kache/home/dev/cartridge/memory.ctg/src/rpc/src/experience/input.rs:4:15
  |
4 | pub(super) fn observation(args: &Value) -> Result<(Observation, String), String> {
  |               ^^^^^^^^^^^
  |
  = note: `#[warn(dead_code)]` (part of `#[warn(unused)]`) on by default

warning: function `decode_observation` is never used
  --> /kache/home/dev/cartridge/memory.ctg/src/rpc/src/experience/input.rs:12:4
   |
12 | fn decode_observation(args: &Value, bytes: Vec<u8>) -> Result<(Observation, String), String> {
   |    ^^^^^^^^^^^^^^^^^^

warning: function `decode` is never used
  --> /kache/home/dev/cartridge/memory.ctg/src/rpc/src/experience/input.rs:76:15
   |
76 | pub(super) fn decode(key: &str, bytes: &[u8]) -> Result<Observation, String> {
   |               ^^^^^^

warning: `memory-review-probes` (lib) generated 3 warnings
warning: function `decode` is never used
  --> /kache/home/dev/cartridge/memory.ctg/src/rpc/src/experience/input.rs:76:15
   |
76 | pub(super) fn decode(key: &str, bytes: &[u8]) -> Result<Observation, String> {
   |               ^^^^^^
   |
   = note: `#[warn(dead_code)]` (part of `#[warn(unused)]`) on by default

warning: `memory-review-probes` (lib test) generated 1 warning
    Finished `test` profile [unoptimized + debuginfo] target(s) in 0.95s
     Running unittests src/lib.rs (memory.ctg/target/debug/deps/memory_review_probes-47bdb6b5322d6bbf)

running 8 tests
test tests::response_is_used_as_provenance_without_reason ... ok
test tests::response_error_flag_is_classified_as_answered ... ok
test tests::context_outside_request_is_lost ... ok
test tests::opposite_outcomes_stay_separate_with_identical_vectors ... ok
test tests::expired_active_entity_is_still_an_exact_merge_target ... ok
test tests::similar_contexts_merge_and_only_three_examples_survive ... ok
test tests::recurrence_timestamp_suppresses_old_retrieval_count ... ok
test tests::historical_work_is_absent_from_pending_statistics ... ok

test result: ok. 8 passed; 0 failed; 0 ignored; 0 measured; 0 filtered out; finished in 0.01s

   Doc-tests memory_review_probes

running 0 tests

test result: ok. 0 passed; 0 failed; 0 ignored; 0 measured; 0 filtered out; finished in 0.00s

