   Compiling syn v2.0.119
   Compiling smallvec v1.15.2
   Compiling regex-syntax v0.8.11
   Compiling parking_lot_core v0.9.12
   Compiling parking_lot v0.12.5
   Compiling regex-automata v0.4.16
   Compiling phf_macros v0.11.3
   Compiling tokio-macros v2.7.1
   Compiling tracing-attributes v0.1.31
   Compiling phf v0.11.3
   Compiling tokio v1.53.1
   Compiling tracing v0.1.44
   Compiling globset v0.4.19
   Compiling doxygen-rs v0.4.2
   Compiling lmdb-master-sys v0.2.6
   Compiling ignore v0.4.31
   Compiling heed v0.20.5
   Compiling util v2.0.0 (/Users/feb/dev/cartridge/prd.ctg/.cartridge/boards/memory/.lanes/memory-experience-becomes-reliable-and-useful-crystallization-keeps-progressing-beside-ordinary-persistence/src/util)
   Compiling base v2.0.0 (/Users/feb/dev/cartridge/prd.ctg/.cartridge/boards/memory/.lanes/memory-experience-becomes-reliable-and-useful-crystallization-keeps-progressing-beside-ordinary-persistence/src/base)
   Compiling math v2.0.0 (/Users/feb/dev/cartridge/prd.ctg/.cartridge/boards/memory/.lanes/memory-experience-becomes-reliable-and-useful-crystallization-keeps-progressing-beside-ordinary-persistence/src/math)
   Compiling store_core v2.0.0 (/Users/feb/dev/cartridge/prd.ctg/.cartridge/boards/memory/.lanes/memory-experience-becomes-reliable-and-useful-crystallization-keeps-progressing-beside-ordinary-persistence/src/store/core)
warning: (arm64) /tmp/cartridge-memory-stack-baseline-target/debug/deps/store_core-0092ab9c0269b990.store_core.bbbd1129d97289e6-cgu.00.rcgu.o unable to open object file: No such file or directory
warning: (arm64) /tmp/cartridge-memory-stack-baseline-target/debug/deps/store_core-0092ab9c0269b990.store_core.bbbd1129d97289e6-cgu.01.rcgu.o unable to open object file: No such file or directory
warning: (arm64) /tmp/cartridge-memory-stack-baseline-target/debug/deps/store_core-0092ab9c0269b990.store_core.bbbd1129d97289e6-cgu.02.rcgu.o unable to open object file: No such file or directory
warning: (arm64) /tmp/cartridge-memory-stack-baseline-target/debug/deps/store_core-0092ab9c0269b990.store_core.bbbd1129d97289e6-cgu.03.rcgu.o unable to open object file: No such file or directory
warning: (arm64) /tmp/cartridge-memory-stack-baseline-target/debug/deps/store_core-0092ab9c0269b990.store_core.bbbd1129d97289e6-cgu.04.rcgu.o unable to open object file: No such file or directory
warning: (arm64) /tmp/cartridge-memory-stack-baseline-target/debug/deps/store_core-0092ab9c0269b990.store_core.bbbd1129d97289e6-cgu.05.rcgu.o unable to open object file: No such file or directory
warning: (arm64) /tmp/cartridge-memory-stack-baseline-target/debug/deps/store_core-0092ab9c0269b990.store_core.bbbd1129d97289e6-cgu.06.rcgu.o unable to open object file: No such file or directory
warning: (arm64) /tmp/cartridge-memory-stack-baseline-target/debug/deps/store_core-0092ab9c0269b990.store_core.bbbd1129d97289e6-cgu.07.rcgu.o unable to open object file: No such file or directory
warning: (arm64) /tmp/cartridge-memory-stack-baseline-target/debug/deps/store_core-0092ab9c0269b990.store_core.bbbd1129d97289e6-cgu.08.rcgu.o unable to open object file: No such file or directory
warning: (arm64) /tmp/cartridge-memory-stack-baseline-target/debug/deps/store_core-0092ab9c0269b990.store_core.bbbd1129d97289e6-cgu.09.rcgu.o unable to open object file: No such file or directory
warning: (arm64) /tmp/cartridge-memory-stack-baseline-target/debug/deps/store_core-0092ab9c0269b990.store_core.bbbd1129d97289e6-cgu.10.rcgu.o unable to open object file: No such file or directory
warning: (arm64) /tmp/cartridge-memory-stack-baseline-target/debug/deps/store_core-0092ab9c0269b990.store_core.bbbd1129d97289e6-cgu.11.rcgu.o unable to open object file: No such file or directory
warning: (arm64) /tmp/cartridge-memory-stack-baseline-target/debug/deps/store_core-0092ab9c0269b990.store_core.bbbd1129d97289e6-cgu.12.rcgu.o unable to open object file: No such file or directory
warning: (arm64) /tmp/cartridge-memory-stack-baseline-target/debug/deps/store_core-0092ab9c0269b990.store_core.bbbd1129d97289e6-cgu.13.rcgu.o unable to open object file: No such file or directory
warning: (arm64) /tmp/cartridge-memory-stack-baseline-target/debug/deps/store_core-0092ab9c0269b990.store_core.bbbd1129d97289e6-cgu.14.rcgu.o unable to open object file: No such file or directory
warning: (arm64) /tmp/cartridge-memory-stack-baseline-target/debug/deps/store_core-0092ab9c0269b990.store_core.bbbd1129d97289e6-cgu.15.rcgu.o unable to open object file: No such file or directory
    Finished `test` profile [unoptimized + debuginfo] target(s) in 16.44s
     Running unittests src/lib.rs (/tmp/cartridge-memory-stack-baseline-target/debug/deps/store_core-0092ab9c0269b990)

running 1 test
test tests::writer_epoch_corruption_is_not_ready_or_writable ... ok

test result: ok. 1 passed; 0 failed; 0 ignored; 0 measured; 76 filtered out; finished in 0.02s

