   Compiling hub v2.0.0 (/Users/feb/dev/cartridge/prd.ctg/.cartridge/boards/memory/.lanes/memory-experience-becomes-reliable-and-useful-crystallization-keeps-progressing-beside-ordinary-persistence/src/hub)
   Compiling store_core v2.0.0 (/Users/feb/dev/cartridge/prd.ctg/.cartridge/boards/memory/.lanes/memory-experience-becomes-reliable-and-useful-crystallization-keeps-progressing-beside-ordinary-persistence/src/store/core)
   Compiling clap_derive v4.6.4
   Compiling clap v4.6.4
   Compiling graph v2.0.0 (/Users/feb/dev/cartridge/prd.ctg/.cartridge/boards/memory/.lanes/memory-experience-becomes-reliable-and-useful-crystallization-keeps-progressing-beside-ordinary-persistence/src/graph)
   Compiling retrieval-piece v2.0.0 (/Users/feb/dev/cartridge/prd.ctg/.cartridge/boards/memory/.lanes/memory-experience-becomes-reliable-and-useful-crystallization-keeps-progressing-beside-ordinary-persistence/src/retrieval/piece)
   Compiling ingest v2.0.0 (/Users/feb/dev/cartridge/prd.ctg/.cartridge/boards/memory/.lanes/memory-experience-becomes-reliable-and-useful-crystallization-keeps-progressing-beside-ordinary-persistence/src/ingest)
   Compiling tick v2.0.0 (/Users/feb/dev/cartridge/prd.ctg/.cartridge/boards/memory/.lanes/memory-experience-becomes-reliable-and-useful-crystallization-keeps-progressing-beside-ordinary-persistence/src/tick)
   Compiling bootstrap v2.0.0 (/Users/feb/dev/cartridge/prd.ctg/.cartridge/boards/memory/.lanes/memory-experience-becomes-reliable-and-useful-crystallization-keeps-progressing-beside-ordinary-persistence/src/bootstrap)
   Compiling retrieval v2.0.0 (/Users/feb/dev/cartridge/prd.ctg/.cartridge/boards/memory/.lanes/memory-experience-becomes-reliable-and-useful-crystallization-keeps-progressing-beside-ordinary-persistence/src/retrieval)
   Compiling tick_loop v2.0.0 (/Users/feb/dev/cartridge/prd.ctg/.cartridge/boards/memory/.lanes/memory-experience-becomes-reliable-and-useful-crystallization-keeps-progressing-beside-ordinary-persistence/src/tick/loop)
   Compiling store v2.0.0 (/Users/feb/dev/cartridge/prd.ctg/.cartridge/boards/memory/.lanes/memory-experience-becomes-reliable-and-useful-crystallization-keeps-progressing-beside-ordinary-persistence/src/store)
   Compiling health v0.1.0 (/Users/feb/dev/cartridge/prd.ctg/.cartridge/boards/memory/.lanes/memory-experience-becomes-reliable-and-useful-crystallization-keeps-progressing-beside-ordinary-persistence/src/health)
   Compiling rpc v2.0.0 (/Users/feb/dev/cartridge/prd.ctg/.cartridge/boards/memory/.lanes/memory-experience-becomes-reliable-and-useful-crystallization-keeps-progressing-beside-ordinary-persistence/src/rpc)
   Compiling commands v2.0.0 (/Users/feb/dev/cartridge/prd.ctg/.cartridge/boards/memory/.lanes/memory-experience-becomes-reliable-and-useful-crystallization-keeps-progressing-beside-ordinary-persistence/src/commands)
warning: (arm64) /tmp/cartridge-memory-stack-baseline-target/debug/deps/commands-8c9813afb1aa9a91.commands.f3ee4bbbc8fe68c5-cgu.00.rcgu.o unable to open object file: No such file or directory
warning: (arm64) /tmp/cartridge-memory-stack-baseline-target/debug/deps/commands-8c9813afb1aa9a91.commands.f3ee4bbbc8fe68c5-cgu.01.rcgu.o unable to open object file: No such file or directory
warning: (arm64) /tmp/cartridge-memory-stack-baseline-target/debug/deps/commands-8c9813afb1aa9a91.commands.f3ee4bbbc8fe68c5-cgu.02.rcgu.o unable to open object file: No such file or directory
warning: (arm64) /tmp/cartridge-memory-stack-baseline-target/debug/deps/commands-8c9813afb1aa9a91.commands.f3ee4bbbc8fe68c5-cgu.03.rcgu.o unable to open object file: No such file or directory
warning: (arm64) /tmp/cartridge-memory-stack-baseline-target/debug/deps/commands-8c9813afb1aa9a91.commands.f3ee4bbbc8fe68c5-cgu.04.rcgu.o unable to open object file: No such file or directory
warning: (arm64) /tmp/cartridge-memory-stack-baseline-target/debug/deps/commands-8c9813afb1aa9a91.commands.f3ee4bbbc8fe68c5-cgu.05.rcgu.o unable to open object file: No such file or directory
warning: (arm64) /tmp/cartridge-memory-stack-baseline-target/debug/deps/commands-8c9813afb1aa9a91.commands.f3ee4bbbc8fe68c5-cgu.06.rcgu.o unable to open object file: No such file or directory
warning: (arm64) /tmp/cartridge-memory-stack-baseline-target/debug/deps/commands-8c9813afb1aa9a91.commands.f3ee4bbbc8fe68c5-cgu.07.rcgu.o unable to open object file: No such file or directory
warning: (arm64) /tmp/cartridge-memory-stack-baseline-target/debug/deps/commands-8c9813afb1aa9a91.commands.f3ee4bbbc8fe68c5-cgu.08.rcgu.o unable to open object file: No such file or directory
warning: (arm64) /tmp/cartridge-memory-stack-baseline-target/debug/deps/commands-8c9813afb1aa9a91.commands.f3ee4bbbc8fe68c5-cgu.09.rcgu.o unable to open object file: No such file or directory
warning: (arm64) /tmp/cartridge-memory-stack-baseline-target/debug/deps/commands-8c9813afb1aa9a91.commands.f3ee4bbbc8fe68c5-cgu.10.rcgu.o unable to open object file: No such file or directory
warning: (arm64) /tmp/cartridge-memory-stack-baseline-target/debug/deps/commands-8c9813afb1aa9a91.commands.f3ee4bbbc8fe68c5-cgu.11.rcgu.o unable to open object file: No such file or directory
warning: (arm64) /tmp/cartridge-memory-stack-baseline-target/debug/deps/commands-8c9813afb1aa9a91.commands.f3ee4bbbc8fe68c5-cgu.12.rcgu.o unable to open object file: No such file or directory
warning: (arm64) /tmp/cartridge-memory-stack-baseline-target/debug/deps/commands-8c9813afb1aa9a91.commands.f3ee4bbbc8fe68c5-cgu.13.rcgu.o unable to open object file: No such file or directory
warning: (arm64) /tmp/cartridge-memory-stack-baseline-target/debug/deps/commands-8c9813afb1aa9a91.commands.f3ee4bbbc8fe68c5-cgu.14.rcgu.o unable to open object file: No such file or directory
warning: (arm64) /tmp/cartridge-memory-stack-baseline-target/debug/deps/commands-8c9813afb1aa9a91.commands.f3ee4bbbc8fe68c5-cgu.15.rcgu.o unable to open object file: No such file or directory
    Finished `test` profile [unoptimized + debuginfo] target(s) in 25.27s
     Running unittests src/lib.rs (/tmp/cartridge-memory-stack-baseline-target/debug/deps/commands-8c9813afb1aa9a91)

running 1 test
test commands_serve::entry_point_tests::reconcile_if_stale_preserves_ram_when_the_store_advanced ... ok

test result: ok. 1 passed; 0 failed; 0 ignored; 0 measured; 129 filtered out; finished in 0.01s

