A. reproduced at e8b262d: the record staged by hunk
  ok   A1 the old collect exits 0
  ok   A1 ...and says by hunk on the board's own record
  ok   A1 HEAD's record says analyzing
  ok   A1 ...with the three ticks under it
  ok   A1 the tree says done
  ok   A1 ...and the folder is dirty after its own collect
A. the record lands whole, commit: in a second commit
  ok   A2 exit 0
  ok   A2 two commits on top
  ok   A2 HEAD is the record commit
  ok   A2 ...carrying only prd.md
  ok   A2 HEAD~1 carries the code and the record
  ok   A2 HEAD~1's record says done
  ok   A2 ...with the three ticks
  ok   A2 ...and actual:
  ok   A2 ...and no claim:
  ok   A2 ...and the analyst's paragraph, the baseline hunk, whole
  ok   A2 HEAD~1 does not carry commit:
  ok   A2 HEAD's commit: names HEAD~1
  ok   A2 the tree's commit: is the same
  ok   A2 the folder is clean
  ok   A2 the line does not say by hunk on the record
  ok   A2 the line names the record commit
  ok   A2 the line names the code commit
  ok   A2 nothing owed for the record
  ok   A2 one transition row
  ok   A3 clean tree: exit 0
  ok   A3 HEAD~1 is the record, alone
  ok   A3 commit: names it — never none
  ok   A3 the folder is clean
  ok   A4 --dry exit 0
  ok   A4 --dry names the record and the second commit
  ok   A4 --dry leaves the state
  ok   A4 --dry commits nothing
B. reproduced at e8b262d: the merged hunk goes as the worker's
  ok   B1 the diff is one merged hunk
  ok   B1 the old collect exits 0
  ok   B1 ...and commits the foreign line as the worker's
B. refused, named, nothing staged; --widen takes it; one line apart both land right
  ok   B2 exit 1
  ok   B2 named: file and line
  ok   B2 ...and the way out
  ok   B2 nothing committed
  ok   B2 the index is HEAD
  ok   B2 the PRD is still claimed
  ok   B2 the record is untouched
  ok   B2 --widen exits 0
  ok   B2 --widen commits both lines
  ok   B2 --widen said on the line
  ok   B3 one untouched line between: exit 0
  ok   B3 the worker's line is in HEAD~1
  ok   B3 the foreign line is not
  ok   B3 ...and stays in the tree
  ok   B3 by hunk on the line
  ok   B4 a merged insertion is refused
  ok   B4 named at the working line
  ok   B5 a baseline hunk undone before collect is not two authors
  ok   B5 the worker's line landed
  ok   B6 the record with adjacent hunks goes whole
  ok   B6 ...four ticks in HEAD~1
C. reproduced at e8b262d: a parent whose children are all done has no way to done
  ok   C1 the old collect refuses it
  ok   C1 ...on its state
  ok   C1 the old scan does not list it under collect
C. scan lists it, collect closes it in one commit
  ok   C2 scan lists big under collect — compute_plan's one list, the row without a why
  ok   C2 ...and not big/first
  ok   C2 --dry exit 0
  ok   C2 --dry says the phrase
  ok   C2 --dry names the sum and the sha
  ok   C2 --dry writes nothing
  ok   C2 exit 0
  ok   C2 done
  ok   C2 actual is the children's sum
  ok   C2 commit: is the last child's
  ok   C2 one commit
  ok   C2 its subject
  ok   C2 its paths: the parent's prd.md alone
  ok   C2 clean under it
  ok   C2 the line
  ok   C2 a transition row
  ok   C2 collecting it again is refused
  ok   C3 a parent with its own spec is not listed under collect
  ok   C3 ...and collect refuses it
  ok   C3 ...on its state — ordinary held work, the specs decide
  ok   C3 nothing written
  ok   C4 a parent with an open box of its own is refused
  ok   C4 nothing written
  ok   C5 a child still open: refused
  ok   C5 ...and not listed
  ok   C6 a parent that finished its own work goes the ordinary way
  ok   C6 ...two commits
  ok   C6 ...the record commit last
  ok   C6 ...never as a container
D. the posted report is in the commit
  ok   D the daemon came up on a spare port
  ok   D exit 0
  ok   D report posted
  ok   D ## Report is in HEAD~1
  ok   D ...holding the verify's exit
  ok   D the folder is clean
  ok   D the real registry is untouched
Z. hygiene
  ok   Z no path under .pearde/prds/.claims/ on any commit above
  ok   Z the bare collect exits 0
  ok   Z ...and closes finished
  ok   Z ...and big
  ok   Z two lines

101 checks · 101 pass · 0 fail
