  ok   the fixture library starts clean
  ok   every file starts at runs 0
  ok   the collect runs clean
  ok   the report carries exactly two edits
  ok   it says which edit it applied
  ok   it says which it refused
  ok   it says whose fault the refusal was
  ok   the workflow counts the run
  ok   an atomic that ran counts it
  ok   the edited atomic counts it
  ok   an atomic that STOPPED still ran
  ok   a back-edge does not double-count step 1
  ok   updated moves on the file whose text changed
  ok   updated does not move on an unchanged atomic
  ok   updated does not move on a refused edit
  ok   updated does not move on the workflow
  ok   the applied edit replaced the stale path
  ok   the stale path is gone, not appended
  ok   no dated log line was written
  ok   the refused edit left the atomic as it was
  ok     … and did not land
  ok     … the refused atomic is byte-for-byte what it was, but for `runs`
  ok   check is silent after the collect
  ok   list totals four runs over four files
  ok   list prints runs beside the slug
  ok   a format-breaking edit is caught before the commit
  ok   check exits loud on it
  ok   a file edited on the day it was written still checks out
  ok   loop step 6 opens the block on the report section
  ok   loop rule 1: the verdict decides the transition
  ok   loop rule 2: applied when the atomic caused it
  ok   loop rule 2: refused, and say which
  ok   loop rule 2: paste or refuse, never rewrite
  ok   loop rule 3: runs and updated
  ok   loop rule 4: check before the commit
  ok   loop rule 5: the footprint does not grow
  ok   loop names one writer
  ok   loop step 1 collects a swept worker's rows
  ok   commits.md widens the scope sentence
  ok   commits.md names it in the message
  ok   commits.md has the message line
  ok   commits.md keeps the footprint out of it
  ok   commits.md sends a foreign library to its own repo
  ok   solo.md writes the edit at the step
  ok   solo.md names the same rules
  ok   round.md carries the Edits section
  ok   round.md's row is applied or refused
  ok   round.md says why a refusal is recorded
  ok   workers.md has the on-return rule
  FAIL workers.md's table row — references/parts/workers.md lacks 'any of the three, plus `## Workflow <slug>`'
  ok   workers.md points at loop step 6
  ok   parts/workflows.md has the Improved section
  ok     … a stale path is applied
  ok     … a wrong command is applied
  ok     … a check that cannot fail is applied
  ok     … an unlisted failure shape is applied
  ok     … the code's is refused
  ok     … the PRD's is refused
  ok     … the four rules
  ok     … fold, do not log
  ok     … an atomic stays one unit
  ok     … the order may change from a run
  ok     … runs is evidence, not a score
  ok     … the back-edge counts once
  ok     … the collect row in the when-written table
  ok   two files count runs the same way
  ok   two files send the refusal to the round file — renamed with the board
  ok   two files say an edit is refused, not repaired
  ok   two files say the worker never writes the library
  ok   loop states the five actions in order
  ok   workers.md's summary gives the same order

  census — what fails when the collect skips a rule
    rule                                           the command that catches it
    1 read the rows / the verdict decides the state — nothing
    2 apply the atomic's, refuse the code's        — nothing
    3 runs +1, updated moved                       — nothing
    4 workflows.py check before the commit         workflows.py check · doctor's workflows row
    5 the changed files on the PRD's commit        — nothing
    four of five are prose the orchestrator follows or does not.
    the harness above measures rule 4, and measures that rules 1-3
    and 5 are stated where the collect reads — not that they ran.

70/71 checks pass
