   Compiling store_core v2.0.0 (/Users/feb/dev/cartridge/prd.ctg/.cartridge/boards/memory/.lanes/memory-experience-becomes-reliable-and-useful-memory-exposes-total-backlog-and-the-reason-progress-stopped/src/store/core)
   Compiling graph v2.0.0 (/Users/feb/dev/cartridge/prd.ctg/.cartridge/boards/memory/.lanes/memory-experience-becomes-reliable-and-useful-memory-exposes-total-backlog-and-the-reason-progress-stopped/src/graph)
   Compiling retrieval-piece v2.0.0 (/Users/feb/dev/cartridge/prd.ctg/.cartridge/boards/memory/.lanes/memory-experience-becomes-reliable-and-useful-memory-exposes-total-backlog-and-the-reason-progress-stopped/src/retrieval/piece)
   Compiling ingest v2.0.0 (/Users/feb/dev/cartridge/prd.ctg/.cartridge/boards/memory/.lanes/memory-experience-becomes-reliable-and-useful-memory-exposes-total-backlog-and-the-reason-progress-stopped/src/ingest)
   Compiling tick v2.0.0 (/Users/feb/dev/cartridge/prd.ctg/.cartridge/boards/memory/.lanes/memory-experience-becomes-reliable-and-useful-memory-exposes-total-backlog-and-the-reason-progress-stopped/src/tick)
   Compiling bootstrap v2.0.0 (/Users/feb/dev/cartridge/prd.ctg/.cartridge/boards/memory/.lanes/memory-experience-becomes-reliable-and-useful-memory-exposes-total-backlog-and-the-reason-progress-stopped/src/bootstrap)
   Compiling retrieval v2.0.0 (/Users/feb/dev/cartridge/prd.ctg/.cartridge/boards/memory/.lanes/memory-experience-becomes-reliable-and-useful-memory-exposes-total-backlog-and-the-reason-progress-stopped/src/retrieval)
   Compiling tick_loop v2.0.0 (/Users/feb/dev/cartridge/prd.ctg/.cartridge/boards/memory/.lanes/memory-experience-becomes-reliable-and-useful-memory-exposes-total-backlog-and-the-reason-progress-stopped/src/tick/loop)
   Compiling store v2.0.0 (/Users/feb/dev/cartridge/prd.ctg/.cartridge/boards/memory/.lanes/memory-experience-becomes-reliable-and-useful-memory-exposes-total-backlog-and-the-reason-progress-stopped/src/store)
   Compiling health v0.1.0 (/Users/feb/dev/cartridge/prd.ctg/.cartridge/boards/memory/.lanes/memory-experience-becomes-reliable-and-useful-memory-exposes-total-backlog-and-the-reason-progress-stopped/src/health)
   Compiling rpc v2.0.0 (/Users/feb/dev/cartridge/prd.ctg/.cartridge/boards/memory/.lanes/memory-experience-becomes-reliable-and-useful-memory-exposes-total-backlog-and-the-reason-progress-stopped/src/rpc)
warning: (arm64) /tmp/memory-status-main-target/debug/deps/rpc-89ea8139c66de259.rpc.a0e07b3ed52bfc7c-cgu.00.rcgu.o unable to open object file: No such file or directory
warning: (arm64) /tmp/memory-status-main-target/debug/deps/rpc-89ea8139c66de259.rpc.a0e07b3ed52bfc7c-cgu.01.rcgu.o unable to open object file: No such file or directory
warning: (arm64) /tmp/memory-status-main-target/debug/deps/rpc-89ea8139c66de259.rpc.a0e07b3ed52bfc7c-cgu.02.rcgu.o unable to open object file: No such file or directory
warning: (arm64) /tmp/memory-status-main-target/debug/deps/rpc-89ea8139c66de259.rpc.a0e07b3ed52bfc7c-cgu.03.rcgu.o unable to open object file: No such file or directory
warning: (arm64) /tmp/memory-status-main-target/debug/deps/rpc-89ea8139c66de259.rpc.a0e07b3ed52bfc7c-cgu.04.rcgu.o unable to open object file: No such file or directory
warning: (arm64) /tmp/memory-status-main-target/debug/deps/rpc-89ea8139c66de259.rpc.a0e07b3ed52bfc7c-cgu.05.rcgu.o unable to open object file: No such file or directory
warning: (arm64) /tmp/memory-status-main-target/debug/deps/rpc-89ea8139c66de259.rpc.a0e07b3ed52bfc7c-cgu.06.rcgu.o unable to open object file: No such file or directory
warning: (arm64) /tmp/memory-status-main-target/debug/deps/rpc-89ea8139c66de259.rpc.a0e07b3ed52bfc7c-cgu.07.rcgu.o unable to open object file: No such file or directory
warning: (arm64) /tmp/memory-status-main-target/debug/deps/rpc-89ea8139c66de259.rpc.a0e07b3ed52bfc7c-cgu.08.rcgu.o unable to open object file: No such file or directory
warning: (arm64) /tmp/memory-status-main-target/debug/deps/rpc-89ea8139c66de259.rpc.a0e07b3ed52bfc7c-cgu.09.rcgu.o unable to open object file: No such file or directory
warning: (arm64) /tmp/memory-status-main-target/debug/deps/rpc-89ea8139c66de259.rpc.a0e07b3ed52bfc7c-cgu.10.rcgu.o unable to open object file: No such file or directory
warning: (arm64) /tmp/memory-status-main-target/debug/deps/rpc-89ea8139c66de259.rpc.a0e07b3ed52bfc7c-cgu.11.rcgu.o unable to open object file: No such file or directory
warning: (arm64) /tmp/memory-status-main-target/debug/deps/rpc-89ea8139c66de259.rpc.a0e07b3ed52bfc7c-cgu.12.rcgu.o unable to open object file: No such file or directory
warning: (arm64) /tmp/memory-status-main-target/debug/deps/rpc-89ea8139c66de259.rpc.a0e07b3ed52bfc7c-cgu.13.rcgu.o unable to open object file: No such file or directory
warning: (arm64) /tmp/memory-status-main-target/debug/deps/rpc-89ea8139c66de259.rpc.a0e07b3ed52bfc7c-cgu.14.rcgu.o unable to open object file: No such file or directory
warning: (arm64) /tmp/memory-status-main-target/debug/deps/rpc-89ea8139c66de259.rpc.a0e07b3ed52bfc7c-cgu.15.rcgu.o unable to open object file: No such file or directory
    Finished `test` profile [unoptimized + debuginfo] target(s) in 20.71s
     Running unittests src/lib.rs (/tmp/memory-status-main-target/debug/deps/rpc-89ea8139c66de259)

running 16 tests
test experience::tests::experience_legacy_decode_preserves_large_preexisting_rows ... ok

running 1 test
test experience::tests::experience_concurrent_passes_commit_each_delivery_once ... ok
test experience::tests::experience_failed_commit_restores_graph_and_retains_input ... ok
test experience::tests::experience_commit_refuses_older_full_flush_and_migrates_history ... ok
test experience::tests::experience_asp_pages_reasons_and_usage_without_mutation ... ok
test experience::tests::experience_missing_embedder_retains_acknowledged_input ... ok
test experience::tests::experience_read_only_search_never_enqueues_usage_on_fresh_or_cached_queries ... ok
test experience::tests::experience_external_writer_blocks_without_discarding_ram ... ok
test experience::tests::experience_status_graph_contention_is_bounded ... ok
test experience::tests::experience_status_attempts_and_durable_progress_are_distinct ... ok
test experience::tests::experience_status_poll_does_not_decode_or_mutate_inputs ... ok
test experience::tests::experience_status_query_success_does_not_clear_stale_writer ... ok
test experience::tests::experience_crash_after_commit_preserves_receipts ... ok
test experience::tests::experience_ordinary_save_and_crystallization_preserve_dirty_work ... ok
test experience::tests::experience_intake_retry_recurrence_restart_and_opposite_outcome ... ok
canonical profile=debug arch=aarch64 os=macos rows=1000 fixture_bytes=58000 samples=1000 warmups=20 p50_ns=174375 p95_ns=276584 max_ns=617916 response_bytes=1248 setup_ms=169 migration_ms=36
canonical profile=debug arch=aarch64 os=macos rows=100000 fixture_bytes=5800000 samples=1000 warmups=20 p50_ns=405875 p95_ns=1050875 max_ns=17438625 response_bytes=1256 setup_ms=65 migration_ms=1439
test experience::tests::experience_status_canonical_polling_gate ... ok

test result: ok. 16 passed; 0 failed; 0 ignored; 0 measured; 98 filtered out; finished in 2.61s

